******************************************************************************
                  MSP430 Linker PC v21.6.0                     
******************************************************************************
>> Linked Mon Dec 19 13:40:29 2022

OUTPUT FILE NAME:   <BMP280_MSP430.out>
ENTRY POINT SYMBOL: "_c_int00_noargs"  address: 0000f9ac


MEMORY CONFIGURATION

         name            origin    length      used     unused   attr    fill
----------------------  --------  ---------  --------  --------  ----  --------
  SFR                   00000000   00000010  00000000  00000010  RWIX
  PERIPHERALS_8BIT      00000010   000000f0  00000000  000000f0  RWIX
  PERIPHERALS_16BIT     00000100   00000100  00000000  00000100  RWIX
  RAM                   00000200   00000080  0000003e  00000042  RWIX
  INFOD                 00001000   00000040  00000000  00000040  RWIX
  INFOC                 00001040   00000040  00000000  00000040  RWIX
  INFOB                 00001080   00000040  00000000  00000040  RWIX
  INFOA                 000010c0   00000040  00000000  00000040  RWIX
  FLASH                 0000f800   000007e0  00000246  0000059a  RWIX
  INT00                 0000ffe0   00000002  00000000  00000002  RWIX
  INT01                 0000ffe2   00000002  00000000  00000002  RWIX
  INT02                 0000ffe4   00000002  00000002  00000000  RWIX
  INT03                 0000ffe6   00000002  00000002  00000000  RWIX
  INT04                 0000ffe8   00000002  00000000  00000002  RWIX
  INT05                 0000ffea   00000002  00000000  00000002  RWIX
  INT06                 0000ffec   00000002  00000000  00000002  RWIX
  INT07                 0000ffee   00000002  00000000  00000002  RWIX
  INT08                 0000fff0   00000002  00000002  00000000  RWIX
  INT09                 0000fff2   00000002  00000002  00000000  RWIX
  INT10                 0000fff4   00000002  00000002  00000000  RWIX
  INT11                 0000fff6   00000002  00000002  00000000  RWIX
  INT12                 0000fff8   00000002  00000000  00000002  RWIX
  INT13                 0000fffa   00000002  00000000  00000002  RWIX
  INT14                 0000fffc   00000002  00000002  00000000  RWIX
  RESET                 0000fffe   00000002  00000002  00000000  RWIX


SECTION ALLOCATION MAP

 output                                  attributes/
section   page    origin      length       input sections
--------  ----  ----------  ----------   ----------------
.bss       0    00000200    0000000a     UNINITIALIZED
                  00000200    00000006     BMP280_MSP430_main.obj (.bss)
                  00000206    00000004     BMP280_primitives.obj (.bss)

.stack     0    0000024c    00000034     UNINITIALIZED
                  0000024c    00000002     rts430_eabi.lib : boot.c.obj (.stack)
                  0000024e    00000032     --HOLE--

.text      0    0000f800    0000023c     
                  0000f800    00000080     BMP280_primitives.obj (.text:regRead)
                  0000f880    0000004c     BMP280_primitives.obj (.text:regWrite)
                  0000f8cc    00000042     rts430_eabi.lib : autoinit.c.obj (.text:__TI_auto_init_nobinit_nopinit:__TI_auto_init_nobinit_nopinit)
                  0000f90e    00000034     BMP280_MSP430_main.obj (.text:main)
                  0000f942    00000032     BMP280_primitives.obj (.text:BMP280_if_init)
                  0000f974    0000001c     BMP280_primitives.obj (.text:BMP280_readPressure)
                  0000f990    0000001c     BMP280_primitives.obj (.text:BMP280_readTemperature)
                  0000f9ac    0000001c     rts430_eabi.lib : boot.c.obj (.text:_c_int00_noargs)
                  0000f9c8    00000016     BMP280_MSP430_main.obj (.text:softDelay)
                  0000f9de    00000014     rts430_eabi.lib : copy_zero_init.c.obj (.text:decompress:ZI:__TI_zero_init_nomemset:__TI_zero_init_nomemset)
                  0000f9f2    00000010                     : epilog.asm.obj (.text)
                  0000fa02    0000000e     BMP280_primitives.obj (.text:BMP280_force_conversions)
                  0000fa10    0000000c     BMP280_primitives.obj (.text:BMP280_readID)
                  0000fa1c    0000000c     BMP280_primitives.obj (.text:BMP280_readStatus)
                  0000fa28    00000008     rts430_eabi.lib : isr_trap.asm.obj (.text:_isr:__TI_ISR_TRAP)
                  0000fa30    00000006                     : exit.c.obj (.text:abort)
                  0000fa36    00000004                     : pre_init.c.obj (.text:_system_pre_init)
                  0000fa3a    00000002                     : startup.c.obj (.text:_system_post_cinit)

.cinit     0    0000fa3c    0000000a     
                  0000fa3c    00000004     (.cinit..bss.load) [load image, compression = zero_init]
                  0000fa40    00000002     (__TI_handler_table)
                  0000fa42    00000004     (__TI_cinit_table)

.binit     0    0000f800    00000000     

.init_array 
*          0    0000f800    00000000     UNINITIALIZED

PORT1      0    0000ffe4    00000002     
                  0000ffe4    00000002     rts430_eabi.lib : int02.asm.obj (.int02)

PORT2      0    0000ffe6    00000002     
                  0000ffe6    00000002     rts430_eabi.lib : int03.asm.obj (.int03)

TIMERA1    0    0000fff0    00000002     
                  0000fff0    00000002     rts430_eabi.lib : int08.asm.obj (.int08)

TIMERA0    0    0000fff2    00000002     
                  0000fff2    00000002     rts430_eabi.lib : int09.asm.obj (.int09)

WDT        0    0000fff4    00000002     
                  0000fff4    00000002     rts430_eabi.lib : int10.asm.obj (.int10)

COMPARATORA 
*          0    0000fff6    00000002     
                  0000fff6    00000002     rts430_eabi.lib : int11.asm.obj (.int11)

NMI        0    0000fffc    00000002     
                  0000fffc    00000002     rts430_eabi.lib : int14.asm.obj (.int14)

.reset     0    0000fffe    00000002     
                  0000fffe    00000002     rts430_eabi.lib : boot.c.obj (.reset)

MODULE SUMMARY

       Module                   code   ro data   rw data
       ------                   ----   -------   -------
    .\
       BMP280_primitives.obj    348    0         4      
       BMP280_MSP430_main.obj   74     0         6      
    +--+------------------------+------+---------+---------+
       Total:                   422    0         10     
                                                        
    C:\ti\ccs1200\ccs\tools\compiler\ti-cgt-msp430_21.6.0.LTS\lib\rts430_eabi.lib
       autoinit.c.obj           66     0         0      
       boot.c.obj               28     2         0      
       copy_zero_init.c.obj     20     0         0      
       epilog.asm.obj           16     0         0      
       isr_trap.asm.obj         8      0         0      
       exit.c.obj               6      0         0      
       pre_init.c.obj           4      0         0      
       int02.asm.obj            0      2         0      
       int03.asm.obj            0      2         0      
       int08.asm.obj            0      2         0      
       int09.asm.obj            0      2         0      
       int10.asm.obj            0      2         0      
       int11.asm.obj            0      2         0      
       int14.asm.obj            0      2         0      
       startup.c.obj            2      0         0      
    +--+------------------------+------+---------+---------+
       Total:                   150    16        0      
                                                        
       Stack:                   0      0         52     
       Linker Generated:        0      10        0      
    +--+------------------------+------+---------+---------+
       Grand Total:             572    26        62     


LINKER GENERATED COPY TABLES

__TI_cinit_table @ 0000fa42 records: 1, size/record: 4, table size: 4
	.bss: load addr=0000fa3c, load size=00000004 bytes, run addr=00000200, run size=0000000a bytes, compression=zero_init


LINKER GENERATED HANDLER TABLE

__TI_handler_table @ 0000fa40 records: 1, size/record: 2, table size: 2
	index: 0, handler: __TI_zero_init


GLOBAL SYMBOLS: SORTED ALPHABETICALLY BY Name 

address   name                          
-------   ----                          
00000057  BCSCTL1                       
00000058  BCSCTL2                       
00000053  BCSCTL3                       
0000fa02  BMP280_force_conversions      
0000f942  BMP280_if_init                
0000fa10  BMP280_readID                 
0000f974  BMP280_readPressure           
0000fa1c  BMP280_readStatus             
0000f990  BMP280_readTemperature        
0000fa30  C$$EXIT                       
00000059  CACTL1                        
0000005a  CACTL2                        
000010ff  CALBC1_1MHZ                   
000010fe  CALDCO_1MHZ                   
0000005b  CAPD                          
00000056  DCOCTL                        
00000128  FCTL1                         
0000012a  FCTL2                         
0000012c  FCTL3                         
00000000  IE1                           
00000002  IFG1                          
00000022  P1DIR                         
00000025  P1IE                          
00000024  P1IES                         
00000023  P1IFG                         
00000020  P1IN                          
00000021  P1OUT                         
00000027  P1REN                         
00000026  P1SEL                         
0000002a  P2DIR                         
0000002d  P2IE                          
0000002c  P2IES                         
0000002b  P2IFG                         
00000028  P2IN                          
00000029  P2OUT                         
0000002f  P2REN                         
0000002e  P2SEL                         
00000172  TACCR0                        
00000174  TACCR1                        
00000162  TACCTL0                       
00000164  TACCTL1                       
00000160  TACTL                         
0000012e  TAIV                          
00000170  TAR                           
00000120  WDTCTL                        
00000280  __STACK_END                   
00000034  __STACK_SIZE                  
0000fa42  __TI_CINIT_Base               
0000fa46  __TI_CINIT_Limit              
0000fa46  __TI_CINIT_Warm               
0000fa40  __TI_Handler_Table_Base       
0000fa42  __TI_Handler_Table_Limit      
0000fa28  __TI_ISR_TRAP                 
0000f8cc  __TI_auto_init_nobinit_nopinit
0000ffe4  __TI_int02                    
0000ffe6  __TI_int03                    
0000fff0  __TI_int08                    
0000fff2  __TI_int09                    
0000fff4  __TI_int10                    
0000fff6  __TI_int11                    
0000fffc  __TI_int14                    
ffffffff  __TI_pprof_out_hndl           
ffffffff  __TI_prof_data_size           
ffffffff  __TI_prof_data_start          
0000f9de  __TI_zero_init_nomemset       
ffffffff  __c_args__                    
0000f9fe  __mspabi_func_epilog_1        
0000f9fc  __mspabi_func_epilog_2        
0000f9fa  __mspabi_func_epilog_3        
0000f9f8  __mspabi_func_epilog_4        
0000f9f6  __mspabi_func_epilog_5        
0000f9f4  __mspabi_func_epilog_6        
0000f9f2  __mspabi_func_epilog_7        
0000f9ac  _c_int00_noargs               
0000fffe  _reset_vector                 
0000024c  _stack                        
0000fa3a  _system_post_cinit            
0000fa36  _system_pre_init              
0000fa30  abort                         
0000f90e  main                          
0000f9c8  softDelay                     


GLOBAL SYMBOLS: SORTED BY Symbol Address 

address   name                          
-------   ----                          
00000000  IE1                           
00000002  IFG1                          
00000020  P1IN                          
00000021  P1OUT                         
00000022  P1DIR                         
00000023  P1IFG                         
00000024  P1IES                         
00000025  P1IE                          
00000026  P1SEL                         
00000027  P1REN                         
00000028  P2IN                          
00000029  P2OUT                         
0000002a  P2DIR                         
0000002b  P2IFG                         
0000002c  P2IES                         
0000002d  P2IE                          
0000002e  P2SEL                         
0000002f  P2REN                         
00000034  __STACK_SIZE                  
00000053  BCSCTL3                       
00000056  DCOCTL                        
00000057  BCSCTL1                       
00000058  BCSCTL2                       
00000059  CACTL1                        
0000005a  CACTL2                        
0000005b  CAPD                          
00000120  WDTCTL                        
00000128  FCTL1                         
0000012a  FCTL2                         
0000012c  FCTL3                         
0000012e  TAIV                          
00000160  TACTL                         
00000162  TACCTL0                       
00000164  TACCTL1                       
00000170  TAR                           
00000172  TACCR0                        
00000174  TACCR1                        
0000024c  _stack                        
00000280  __STACK_END                   
000010fe  CALDCO_1MHZ                   
000010ff  CALBC1_1MHZ                   
0000f8cc  __TI_auto_init_nobinit_nopinit
0000f90e  main                          
0000f942  BMP280_if_init                
0000f974  BMP280_readPressure           
0000f990  BMP280_readTemperature        
0000f9ac  _c_int00_noargs               
0000f9c8  softDelay                     
0000f9de  __TI_zero_init_nomemset       
0000f9f2  __mspabi_func_epilog_7        
0000f9f4  __mspabi_func_epilog_6        
0000f9f6  __mspabi_func_epilog_5        
0000f9f8  __mspabi_func_epilog_4        
0000f9fa  __mspabi_func_epilog_3        
0000f9fc  __mspabi_func_epilog_2        
0000f9fe  __mspabi_func_epilog_1        
0000fa02  BMP280_force_conversions      
0000fa10  BMP280_readID                 
0000fa1c  BMP280_readStatus             
0000fa28  __TI_ISR_TRAP                 
0000fa30  C$$EXIT                       
0000fa30  abort                         
0000fa36  _system_pre_init              
0000fa3a  _system_post_cinit            
0000fa40  __TI_Handler_Table_Base       
0000fa42  __TI_CINIT_Base               
0000fa42  __TI_Handler_Table_Limit      
0000fa46  __TI_CINIT_Limit              
0000fa46  __TI_CINIT_Warm               
0000ffe4  __TI_int02                    
0000ffe6  __TI_int03                    
0000fff0  __TI_int08                    
0000fff2  __TI_int09                    
0000fff4  __TI_int10                    
0000fff6  __TI_int11                    
0000fffc  __TI_int14                    
0000fffe  _reset_vector                 
ffffffff  __TI_pprof_out_hndl           
ffffffff  __TI_prof_data_size           
ffffffff  __TI_prof_data_start          
ffffffff  __c_args__                    

[81 symbols]
